// Jest Snapshot v1, https://goo.gl/fbAQLP

exports[`compare output 1`] = `<div />`;
