// Jest Snapshot v1, https://goo.gl/fbAQLP

exports[`compare output 1`] = `
<div>
  <h1>
    Kabooked 
    <img
      alt="Kabooked Logo"
      src="logo.png"
      style={
        Object {
          "height": "75px",
          "width": "75px",
        }
      }
    />
  </h1>
  <ul>
    <li>
      <a
        href="/"
        onClick={[Function]}
      >
        Home
      </a>
    </li>
    <li>
      <a
        href="/calender"
        onClick={[Function]}
      >
        Calendar
      </a>
    </li>
    <li>
      <div>
        <div
          id="firebaseui_container"
        />
      </div>
    </li>
  </ul>
  <hr />
  <div />
</div>
`;
