// Jest Snapshot v1, https://goo.gl/fbAQLP

exports[`<AuthControl /> compare output 1`] = `
<div>
  <div
    id="firebaseui_container"
  />
</div>
`;
