// Jest Snapshot v1, https://goo.gl/fbAQLP

exports[`<CalApp /> compare output 1`] = `<div />`;

exports[`compare output 1`] = `<div />`;
