// Jest Snapshot v1, https://goo.gl/fbAQLP

exports[`<Home /> compare output 1`] = `<div />`;

exports[`compare output 1`] = `<div />`;
